// Jest Snapshot v1, https://goo.gl/fbAQLP

exports[`Center layout to match snapshot 1`] = `
<div
  alignItems="center"
  className="sc-bdfCDU ePetRJ"
  display="flex"
  height={100}
  justifyContent="center"
  width={100}
>
  This is the Center
</div>
`;
