// Jest Snapshot v1, https://goo.gl/fbAQLP

exports[`Modal footer to match snapshot 1`] = `
<div
  className="sc-aXZVg jyYTgo"
  display="flex"
>
  Modal Content
</div>
`;
