// Jest Snapshot v1, https://goo.gl/fbAQLP

exports[`Modal Container to match snapshot 1`] = `
<div
  className="sc-beqWaB bAMrnX"
  cursor="default"
  display="flex"
  height="100%"
  onClick={[Function]}
  onPress={[Function]}
  overflow="hidden"
  role="container"
  width="100%"
>
  <div>
    Modal Content
  </div>
</div>
`;
