// Jest Snapshot v1, https://goo.gl/fbAQLP

exports[`Switch to match snapshot 1`] = `
<label
  className="sc-bdfCDU krrJWc"
  fontSize="sm"
  fontStyle="normal"
  fontWeight={400}
  onClick={[Function]}
  onMouseEnter={[Function]}
  onMouseLeave={[Function]}
  textDecoration="none"
  width="100%"
>
  <input
    checked={false}
    className="sc-bdfCDU krrJWc"
    disabled={false}
    height={0}
    name="name"
    onChange={[Function]}
    onClick={[Function]}
    opacity={0}
    readOnly={true}
    type="checkbox"
    width={0}
  />
  <div
    alignItems="center"
    backgroundColor="red"
    borderRadius={24}
    boxShadow="rgb(249, 115, 22) 0px 4px 14px 0px"
    className="sc-bdfCDU fxLFlD"
    cursor="pointer"
    display="flex"
    filter="brightness(1)"
    height={32}
    justifyContent="flex-start"
    onClick={[Function]}
    paddingHorizontal={8}
    paddingVertical={0}
    transition="justify-content 0.3s cubic-bezier(0.4, 0, 0.2, 1)"
    width={60}
  >
    <div
      backgroundColor="blue"
      borderRadius="50%"
      className="sc-bdfCDU KifEJ"
      height={18}
      onClick={[Function]}
      width={18}
    />
  </div>
</label>
`;
