// Jest Snapshot v1, https://goo.gl/fbAQLP

exports[`Toggle to match snapshot 1`] = `
<div
  className="sc-bdfCDU dmlQCl"
  onClick={[Function]}
  onMouseEnter={[Function]}
  onMouseLeave={[Function]}
  role="Toggle"
>
  Default
</div>
`;
